error[analysis::unknown_field]: unknown field `levle` for `Player`
  --> flow_narrowing_null_member.vela:3:9
   |
  3 |         player.levle;
   |         ^^^^^^^^^^^^ unknown field `levle` for `Player`
  --> flow_narrowing_null_member.vela:3:9
   |
  3 |         player.levle;
   |         ^^^^^^^^^^^^ unknown member access
  --> flow_narrowing_null_member.vela:3:9
   |
  3 |         player.levle;
   |         ^^^^^^^^^^^^ did you mean `level`?
  --> flow_narrowing_null_member.vela:3:9
   |
  3 |         player.levle;
   |         ^^^^^^^^^^^^ similar candidates: level, inventory
  --> flow_narrowing_null_member.vela:3:9
   |
  3 |         player.levle;
   |         ^^^^^^^^^^^^ candidate `Player.level` is readable and writable
  --> flow_narrowing_null_member.vela:3:9
   |
  3 |         player.levle;
   |         ^^^^^^^^^^^^ candidate `Player.inventory` is readable and read-only
