error[syntax::generic_type_hint]: script type hints do not support generics
  --> generic_type_hint.vela:1:17
   |
  1 | fn bad(xs: Array<i64>) {
   |                 ^ script type hints do not support generics
  --> generic_type_hint.vela:1:17
   |
  1 | fn bad(xs: Array<i64>) {
   |                 ^ remove generic type arguments
