error[syntax::generic_type_hint]: only builtin container, Option, and Result type hints support type arguments
  --> generic_type_hint.vela:1:18
    |
  1 | fn bad(xs: Player<i64>) {
    |                  ^ only builtin container, Option, and Result type hints support type arguments
  --> generic_type_hint.vela:1:18
    |
  1 | fn bad(xs: Player<i64>) {
    |                  ^ use a builtin parameterized type hint or remove these type arguments
